{
    "user_token": "7e13ae4f-bd7f-4c2a-ad90-8c2c7bf6f425"
}
