{
    "message": "Key: 'Name' Error:Field validation for 'Name' failed on the 'required' tag",
    "details": null
}
