{
  "user_name": "string",
  "leader_card_id": 0
}
