{
    "id": 1,
    "name": "test",
    "leader_card_id": 0
}
